artwork.c
artwork.h
audit.c
audit.h
blitgen.c
cdrom.c
cdrom.h
chd.c
chd.h
chdcd.c
chdcd.h
cheat.c
cheat.h
common.c
common.h
config.c
config.h
core.mak
cpuexec.c
cpuexec.h
cpuint.c
cpuint.h
cpuintrf.c
cpuintrf.h
datafile.c
datafile.h
drawgfx.c
drawgfx.h
driver.c
driver.h
fileio.c
fileio.h
harddisk.c
harddisk.h
hash.c
hash.h
hiscore.c
hiscore.h
info.c
info.h
inptport.c
inptport.h
input.c
input.h
legacy.h
mame.c
mame.h
mameblit.c
mamedbg.c
mamedbg.h
md5.c
md5.h
memdbg.c
memdbg.h
memory.c
memory.h
network.c
network.h
osdepend.h
palette.c
palette.h
png.c
png.h
profiler.c
profiler.h
sha1.c
sha1.h
sndintrf.c
sndintrf.h
state.c
state.h
tilemap.c
tilemap.h
timer.c
timer.h
ui_text.c
ui_text.h
unzip.c
unzip.h
usrintrf.c
usrintrf.h
version.c
window.c
window.h
x86drc.c
x86drc.h
rules.mak
cpu/arm
cpu/g65816
cpu/h6280
cpu/hd6309
cpu/i8039
cpu/i8085
cpu/i86
cpu/jaguar
cpu/m6502
cpu/m6800
cpu/m68000
cpu/m6805
cpu/m6809
cpu/mips
cpu/nec
cpu/s2650
cpu/sh2
cpu/spc700
cpu/tms9900
cpu/z180
cpu/z80
dbgfonts
drivers/cps1.c
includes/snes.h
includes/jaguar.h
includes/cps1.h
includes/psx.h
machine/6522via.c
machine/6522via.h
machine/6532riot.c
machine/6532riot.h
machine/6821pia.c
machine/6821pia.h
machine/74123.c
machine/74123.h
machine/74148.c
machine/74148.h
machine/74153.c
machine/74153.h
machine/7474.c
machine/7474.h
machine/8255ppi.c
machine/8255ppi.h
machine/eeprom.c
machine/eeprom.h
machine/idectrl.c
machine/idectrl.h
machine/mathbox.c
machine/mathbox.h
machine/mb87078.c
machine/mb87078.h
machine/psx.c
machine/random.c
machine/random.h
machine/snes.c
machine/ticket.c
machine/ticket.h
machine/tmp68301.c
machine/tmp68301.h
machine/z80fmly.c
machine/z80fmly.h
machine/atarigen.h
sndhrdw/jaguar.c
sndhrdw/snes.c
sound/2151intf.c
sound/2151intf.h
sound/2203intf.c
sound/2203intf.h
sound/2413intf.c
sound/2413intf.h
sound/2608intf.c
sound/2608intf.h
sound/2610intf.c
sound/2610intf.h
sound/2612intf.c
sound/2612intf.h
sound/3812intf.c
sound/3812intf.h
sound/5110intf.c
sound/5110intf.h
sound/5220intf.c
sound/5220intf.h
sound/adpcm.c
sound/adpcm.h
sound/astrocde.c
sound/astrocde.h
sound/ay8910.c
sound/ay8910.h
sound/dac.c
sound/dac.h
sound/filter.c
sound/filter.h
sound/fm.c
sound/fm.h
sound/fmopl.c
sound/fmopl.h
sound/k051649.c
sound/k051649.h
sound/mixer.c
sound/mixer.h
sound/pokey.c
sound/pokey.h
sound/pokey.txt
sound/psx.c
sound/psx.h
sound/qsound.c
sound/qsound.h
sound/saa1099.c
sound/saa1099.h
sound/samples.c
sound/samples.h
sound/sn76496.c
sound/sn76496.h
sound/streams.c
sound/streams.h
sound/tiaintf.c
sound/tiaintf.h
sound/tiasound.c
sound/tiasound.h
sound/tms5110.c
sound/tms5110.h
sound/tms5220.c
sound/tms5220.h
sound/tms5110r.c
sound/tms5220.txt
sound/tms5220r.c
sound/votrax.c
sound/wavwrite.c
sound/wavwrite.h
sound/ym2151.c
sound/ym2151.h
sound/ym2151.txt
sound/ym2413.c
sound/ym2413.h
sound/ymdeltat.c
sound/ymdeltat.h
vidhrdw/cps1.c
vidhrdw/generic.c
vidhrdw/generic.h
vidhrdw/jaguar.c
vidhrdw/matrix3d.c
vidhrdw/matrix3d.h
vidhrdw/poly.c
vidhrdw/poly.h
vidhrdw/ppu2c03b.c
vidhrdw/ppu2c03b.h
vidhrdw/psx.c
vidhrdw/snes.c
vidhrdw/tia.c
vidhrdw/tlc34076.c
vidhrdw/tlc34076.h
vidhrdw/tms9928a.c
vidhrdw/tms9928a.h
vidhrdw/vector.c
vidhrdw/vector.h
vidhrdw/avgdvg.c
vidhrdw/avgdvg.h
vidhrdw/jagblit.h
vidhrdw/jagblit.c
vidhrdw/atarimo.c
vidhrdw/atarimo.h
vidhrdw/jagobj.c
vidhrdw/atarirle.c
vidhrdw/atarirle.h
